---
source: pom-parser/src/tests.rs
expression: "test(\"55 := 47;\")"
---
(
    Ast {
        items: [
            Id<Stmt>(1),
        ],
        stmts: Arena(
            [
                Stmt {
                    kind: Bind(
                        Bind {
                            lhs: Id<Expr>(1),
                            ty: Infer,
                            rhs: Some(
                                Id<Expr>(2),
                            ),
                        },
                    ),
                    span: Span {
                        start: 0,
                        end: 9,
                    },
                },
            ],
        ),
        exprs: Arena(
            [
                Expr {
                    kind: Literal(
                        Int(
                            55,
                        ),
                    ),
                    span: Span {
                        start: 0,
                        end: 2,
                    },
                },
                Expr {
                    kind: Literal(
                        Int(
                            47,
                        ),
                    ),
                    span: Span {
                        start: 6,
                        end: 8,
                    },
                },
            ],
        ),
    },
    Arena(
        [],
    ),
)
