---
source: pom-parser/src/tests.rs
expression: "test(\";\")"
---
(
    Ast {
        items: [
            Id<Stmt>(1),
        ],
        stmts: Arena(
            [
                Stmt {
                    kind: Expr(
                        Id<Expr>(1),
                    ),
                    span: Span {
                        start: 0,
                        end: 1,
                    },
                },
            ],
        ),
        exprs: Arena(
            [
                Expr {
                    kind: Invalid(
                        Id<Error>(1),
                    ),
                    span: Span {
                        start: 0,
                        end: 1,
                    },
                },
            ],
        ),
    },
    Arena(
        [
            Error {
                kind: UnexpectedToken {
                    wanted: [
                        Bool,
                        Float,
                        Ident,
                        Int,
                        LBrace,
                        LParen,
                    ],
                    got: Token {
                        kind: Semicolon,
                        span: Span {
                            start: 0,
                            end: 1,
                        },
                    },
                },
                span: Span {
                    start: 0,
                    end: 1,
                },
            },
        ],
    ),
)
