---
source: pom-parser/src/tests.rs
expression: "lex_and_parse(\"\")"
---
(
    Ast {
        items: [],
        stmts: Arena(
            [],
        ),
        exprs: Arena(
            [],
        ),
    },
    [],
)
