---
source: pom-parser/src/tests.rs
expression: "lex_and_parse(\"(55 + 47;;\")"
---
(
    Ast {
        items: [
            Id<Stmt>(0),
            Id<Stmt>(1),
        ],
        stmts: Arena(
            [
                Stmt {
                    kind: Expr(
                        Id<Expr>(3),
                    ),
                    span: Span {
                        start: 0,
                        end: 9,
                    },
                },
                Stmt {
                    kind: Expr(
                        Id<Expr>(4),
                    ),
                    span: Span {
                        start: 9,
                        end: 10,
                    },
                },
            ],
        ),
        exprs: Arena(
            [
                Expr {
                    kind: Literal(
                        Int(
                            55,
                        ),
                    ),
                    span: Span {
                        start: 1,
                        end: 3,
                    },
                },
                Expr {
                    kind: Literal(
                        Int(
                            47,
                        ),
                    ),
                    span: Span {
                        start: 6,
                        end: 8,
                    },
                },
                Expr {
                    kind: Binary {
                        lhs: Id<Expr>(0),
                        op: Add,
                        rhs: Id<Expr>(1),
                    },
                    span: Span {
                        start: 1,
                        end: 8,
                    },
                },
                Expr {
                    kind: Paren(
                        Id<Expr>(2),
                    ),
                    span: Span {
                        start: 0,
                        end: 8,
                    },
                },
                Expr {
                    kind: Invalid(
                        Id<Error>(1),
                    ),
                    span: Span {
                        start: 8,
                        end: 9,
                    },
                },
            ],
        ),
    },
    Arena(
        [
            Error {
                kind: UnexpectedToken {
                    wanted: [
                        RParen,
                    ],
                    got: Token {
                        kind: Semicolon,
                        span: Span {
                            start: 8,
                            end: 9,
                        },
                    },
                },
                span: Span {
                    start: 0,
                    end: 8,
                },
            },
            Error {
                kind: UnexpectedToken {
                    wanted: [
                        Bool,
                        Float,
                        Ident,
                        Int,
                        LBrace,
                        LParen,
                    ],
                    got: Token {
                        kind: Semicolon,
                        span: Span {
                            start: 9,
                            end: 10,
                        },
                    },
                },
                span: Span {
                    start: 8,
                    end: 9,
                },
            },
        ],
    ),
)
