---
source: pom-parser/src/tests.rs
expression: "test(\"{; 1 + 1;}\")"
---
(
    Ast {
        items: [
            Id<Stmt>(3),
        ],
        stmts: Arena(
            [
                Stmt {
                    kind: Expr(
                        Id<Expr>(1),
                    ),
                    span: Span {
                        start: 1,
                        end: 2,
                    },
                },
                Stmt {
                    kind: Expr(
                        Id<Expr>(4),
                    ),
                    span: Span {
                        start: 3,
                        end: 9,
                    },
                },
                Stmt {
                    kind: Block(
                        [
                            Id<Stmt>(1),
                            Id<Stmt>(2),
                        ],
                    ),
                    span: Span {
                        start: 0,
                        end: 10,
                    },
                },
            ],
        ),
        exprs: Arena(
            [
                Expr {
                    kind: Invalid(
                        Id<Error>(1),
                    ),
                    span: Span {
                        start: 1,
                        end: 2,
                    },
                },
                Expr {
                    kind: Literal(
                        Int(
                            1,
                        ),
                    ),
                    span: Span {
                        start: 3,
                        end: 4,
                    },
                },
                Expr {
                    kind: Literal(
                        Int(
                            1,
                        ),
                    ),
                    span: Span {
                        start: 7,
                        end: 8,
                    },
                },
                Expr {
                    kind: Binary {
                        lhs: Id<Expr>(2),
                        op: Add,
                        rhs: Id<Expr>(3),
                    },
                    span: Span {
                        start: 3,
                        end: 8,
                    },
                },
            ],
        ),
    },
    Arena(
        [
            Error {
                kind: UnexpectedToken {
                    wanted: [
                        Bool,
                        Float,
                        Ident,
                        Int,
                        LBrace,
                        LParen,
                    ],
                    got: Token {
                        kind: Semicolon,
                        span: Span {
                            start: 1,
                            end: 2,
                        },
                    },
                },
                span: Span {
                    start: 0,
                    end: 1,
                },
            },
        ],
    ),
)
