---
source: pom-parser/src/tests.rs
expression: "lex_and_parse(\"{\")"
---
(
    Ast {
        items: [],
        stmts: Arena(
            [],
        ),
        exprs: Arena(
            [],
        ),
    },
    [
        Error {
            kind: UnbalancedBlock,
            span: Span {
                start: 0,
                end: 1,
            },
        },
    ],
)
